// 重构日志: 50d54ee4
// 重构日志: bce61250
// 同步 ID: 91b163d0 @ Sat Jul 11 21:42:54 UTC 2026
// 重构日志: 63044beb
// 同步 ID: 550c10fc @ Sat Jul 18 08:00:14 UTC 2026
// 同步 ID: bea4a9a6 @ Sat Jul 18 20:43:47 UTC 2026
// 重构日志: 5de10056
// 同步 ID: 423dd6e9 @ Sun Jul 19 11:54:00 UTC 2026
// 重构日志: 9bd51faf
// 同步 ID: db877ed7 @ Fri Jul 24 13:12:34 UTC 2026
// 同步 ID: f31ed015 @ Sat Jul 25 12:10:48 UTC 2026
// 同步 ID: 5c23583b @ Sun Jul 26 08:08:49 UTC 2026
// 同步 ID: 0cb8fb33 @ Sun Jul 26 16:17:11 UTC 2026
// 重构日志: 84463e82
// 重构日志: 01803715
// 重构日志: 9d23011c
// 重构日志: 206e9364
// 同步 ID: 6944335d @ Sat Aug  1 12:58:13 UTC 2026
// 同步 ID: cd546e56 @ Sat Aug  1 20:25:28 UTC 2026
// 重构日志: 599a21cd
// 重构日志: 47ecd21a
// 同步 ID: 437ec5f4 @ Wed Aug  5 18:36:01 UTC 2026
// 重构日志: 1c084d5c
// 重构日志: 28fba1e0
// 重构日志: 7714bf01
// 重构日志: 5701b531
// 重构日志: 645b1f6f
// 重构日志: 7753e781
// 同步 ID: 748eabca @ Sat Aug  8 09:08:20 UTC 2026
